// Jest Snapshot v1, https://goo.gl/fbAQLP

exports[`Snapshot 1`] = `
<DocumentFragment>
  <div
    class="wrapper"
  >
    Test this.
    <span
      class="tooltip top"
    >
      tooltip
    </span>
  </div>
</DocumentFragment>
`;
